2026-04-19 11:53:48.911 [main] INFO  com.example.demo.DemoApplication - Starting DemoApplication using Java 21.0.10 with PID 25060 (C:\Users\aaa\Desktop\工作\專案\javaTest\textcombat-api\target\classes started by aaa in C:\Users\aaa\Desktop\工作\專案\javaTest\textcombat-api)
2026-04-19 11:53:48.915 [main] INFO  com.example.demo.DemoApplication - No active profile set, falling back to 1 default profile: "default"
2026-04-19 11:53:49.362 [main] INFO  o.s.d.r.c.RepositoryConfigurationDelegate - Bootstrapping Spring Data JPA repositories in DEFAULT mode.
2026-04-19 11:53:49.412 [main] INFO  o.s.d.r.c.RepositoryConfigurationDelegate - Finished Spring Data repository scanning in 42 ms. Found 6 JPA repository interfaces.
2026-04-19 11:53:49.854 [main] INFO  o.s.boot.tomcat.TomcatWebServer - Tomcat initialized with port 8443 (https)
2026-04-19 11:53:49.867 [main] INFO  o.a.catalina.core.StandardService - Starting service [Tomcat]
2026-04-19 11:53:49.868 [main] INFO  o.a.catalina.core.StandardEngine - Starting Servlet engine: [Apache Tomcat/11.0.20]
2026-04-19 11:53:49.911 [main] INFO  o.s.b.w.c.s.WebApplicationContextInitializer - Root WebApplicationContext: initialization completed in 961 ms
2026-04-19 11:53:50.055 [main] INFO  org.hibernate.orm.jpa - HHH008540: Processing PersistenceUnitInfo [name: default]
2026-04-19 11:53:50.109 [main] INFO  org.hibernate.orm.core - HHH000001: Hibernate ORM core version 7.2.7.Final
2026-04-19 11:53:50.492 [main] INFO  o.s.o.j.p.SpringPersistenceUnitInfo - No LoadTimeWeaver setup: ignoring JPA class transformer
2026-04-19 11:53:50.521 [main] INFO  com.zaxxer.hikari.HikariDataSource - HikariPool-1 - Starting...
2026-04-19 11:54:01.569 [main] WARN  org.hibernate.orm.jdbc.error - HHH000247: ErrorCode: 0, SQLState: 08001
2026-04-19 11:54:01.570 [main] WARN  org.hibernate.orm.jdbc.error - 嘗試連線已失敗。
2026-04-19 11:54:01.572 [main] WARN  org.hibernate.orm.jdbc - HHH100046: Could not obtain connection to query JDBC database metadata
org.hibernate.exception.JDBCConnectionException: Unable to obtain isolated JDBC connection [嘗試連線已失敗。] [n/a]
	at org.hibernate.exception.internal.SQLStateConversionDelegate.convert(SQLStateConversionDelegate.java:80)
	at org.hibernate.exception.internal.StandardSQLExceptionConverter.convert(StandardSQLExceptionConverter.java:34)
	at org.hibernate.engine.jdbc.spi.SqlExceptionHelper.convert(SqlExceptionHelper.java:115)
	at org.hibernate.engine.jdbc.spi.SqlExceptionHelper.convert(SqlExceptionHelper.java:101)
	at org.hibernate.resource.transaction.backend.jdbc.internal.JdbcIsolationDelegate.delegateWork(JdbcIsolationDelegate.java:51)
	at org.hibernate.engine.jdbc.env.internal.JdbcEnvironmentInitiator.getJdbcEnvironmentUsingJdbcMetadata(JdbcEnvironmentInitiator.java:366)
	at org.hibernate.engine.jdbc.env.internal.JdbcEnvironmentInitiator.getJdbcEnvironment(JdbcEnvironmentInitiator.java:143)
	at org.hibernate.engine.jdbc.env.internal.JdbcEnvironmentInitiator.initiateService(JdbcEnvironmentInitiator.java:120)
	at org.hibernate.engine.jdbc.env.internal.JdbcEnvironmentInitiator.initiateService(JdbcEnvironmentInitiator.java:80)
	at org.hibernate.boot.registry.internal.StandardServiceRegistryImpl.initiateService(StandardServiceRegistryImpl.java:133)
	at org.hibernate.service.internal.AbstractServiceRegistryImpl.createService(AbstractServiceRegistryImpl.java:260)
	at org.hibernate.service.internal.AbstractServiceRegistryImpl.initializeService(AbstractServiceRegistryImpl.java:235)
	at org.hibernate.service.internal.AbstractServiceRegistryImpl.getService(AbstractServiceRegistryImpl.java:212)
	at org.hibernate.boot.model.relational.Database.<init>(Database.java:44)
	at org.hibernate.boot.internal.InFlightMetadataCollectorImpl.getDatabase(InFlightMetadataCollectorImpl.java:251)
	at org.hibernate.boot.internal.InFlightMetadataCollectorImpl.<init>(InFlightMetadataCollectorImpl.java:203)
	at org.hibernate.boot.model.process.spi.MetadataBuildingProcess.complete(MetadataBuildingProcess.java:172)
	at org.hibernate.jpa.boot.internal.EntityManagerFactoryBuilderImpl.metadata(EntityManagerFactoryBuilderImpl.java:1392)
	at org.hibernate.jpa.boot.internal.EntityManagerFactoryBuilderImpl.populateSessionFactoryBuilder(EntityManagerFactoryBuilderImpl.java:1472)
	at org.hibernate.jpa.boot.internal.EntityManagerFactoryBuilderImpl.build(EntityManagerFactoryBuilderImpl.java:1454)
	at org.springframework.orm.jpa.vendor.SpringHibernateJpaPersistenceProvider.createContainerEntityManagerFactory(SpringHibernateJpaPersistenceProvider.java:93)
	at org.springframework.orm.jpa.LocalContainerEntityManagerFactoryBean.createNativeEntityManagerFactory(LocalContainerEntityManagerFactoryBean.java:443)
	at org.springframework.orm.jpa.AbstractEntityManagerFactoryBean.buildNativeEntityManagerFactory(AbstractEntityManagerFactoryBean.java:436)
	at org.springframework.orm.jpa.AbstractEntityManagerFactoryBean.afterPropertiesSet(AbstractEntityManagerFactoryBean.java:411)
	at org.springframework.orm.jpa.LocalContainerEntityManagerFactoryBean.afterPropertiesSet(LocalContainerEntityManagerFactoryBean.java:419)
	at org.springframework.beans.factory.support.AbstractAutowireCapableBeanFactory.invokeInitMethods(AbstractAutowireCapableBeanFactory.java:1864)
	at org.springframework.beans.factory.support.AbstractAutowireCapableBeanFactory.initializeBean(AbstractAutowireCapableBeanFactory.java:1813)
	at org.springframework.beans.factory.support.AbstractAutowireCapableBeanFactory.doCreateBean(AbstractAutowireCapableBeanFactory.java:603)
	at org.springframework.beans.factory.support.AbstractAutowireCapableBeanFactory.createBean(AbstractAutowireCapableBeanFactory.java:525)
	at org.springframework.beans.factory.support.AbstractBeanFactory.lambda$doGetBean$0(AbstractBeanFactory.java:333)
	at org.springframework.beans.factory.support.DefaultSingletonBeanRegistry.getSingleton(DefaultSingletonBeanRegistry.java:371)
	at org.springframework.beans.factory.support.AbstractBeanFactory.doGetBean(AbstractBeanFactory.java:331)
	at org.springframework.beans.factory.support.AbstractBeanFactory.getBean(AbstractBeanFactory.java:201)
	at org.springframework.context.support.AbstractApplicationContext.finishBeanFactoryInitialization(AbstractApplicationContext.java:977)
	at org.springframework.context.support.AbstractApplicationContext.refresh(AbstractApplicationContext.java:621)
	at org.springframework.boot.web.server.servlet.context.ServletWebServerApplicationContext.refresh(ServletWebServerApplicationContext.java:143)
	at org.springframework.boot.SpringApplication.refresh(SpringApplication.java:756)
	at org.springframework.boot.SpringApplication.refreshContext(SpringApplication.java:445)
	at org.springframework.boot.SpringApplication.run(SpringApplication.java:321)
	at org.springframework.boot.SpringApplication.run(SpringApplication.java:1365)
	at org.springframework.boot.SpringApplication.run(SpringApplication.java:1354)
	at com.example.demo.DemoApplication.main(DemoApplication.java:10)
Caused by: org.postgresql.util.PSQLException: 嘗試連線已失敗。
	at org.postgresql.core.v3.ConnectionFactoryImpl.openConnectionImpl(ConnectionFactoryImpl.java:385)
	at org.postgresql.core.ConnectionFactory.openConnection(ConnectionFactory.java:57)
	at org.postgresql.jdbc.PgConnection.<init>(PgConnection.java:290)
	at org.postgresql.Driver.makeConnection(Driver.java:448)
	at org.postgresql.Driver.connect(Driver.java:298)
	at com.zaxxer.hikari.util.DriverDataSource.getConnection(DriverDataSource.java:144)
	at com.zaxxer.hikari.pool.PoolBase.newConnection(PoolBase.java:373)
	at com.zaxxer.hikari.pool.PoolBase.newPoolEntry(PoolBase.java:210)
	at com.zaxxer.hikari.pool.HikariPool.createPoolEntry(HikariPool.java:488)
	at com.zaxxer.hikari.pool.HikariPool.checkFailFast(HikariPool.java:576)
	at com.zaxxer.hikari.pool.HikariPool.<init>(HikariPool.java:97)
	at com.zaxxer.hikari.HikariDataSource.getConnection(HikariDataSource.java:111)
	at org.hibernate.engine.jdbc.connections.internal.DataSourceConnectionProvider.getConnection(DataSourceConnectionProvider.java:137)
	at org.hibernate.engine.jdbc.env.internal.JdbcEnvironmentInitiator$ConnectionProviderJdbcConnectionAccess.obtainConnection(JdbcEnvironmentInitiator.java:508)
	at org.hibernate.resource.transaction.backend.jdbc.internal.JdbcIsolationDelegate.delegateWork(JdbcIsolationDelegate.java:48)
	... 37 common frames omitted
Caused by: java.net.SocketTimeoutException: Connect timed out
	at java.base/sun.nio.ch.NioSocketImpl.timedFinishConnect(NioSocketImpl.java:546)
	at java.base/sun.nio.ch.NioSocketImpl.connect(NioSocketImpl.java:592)
	at java.base/java.net.SocksSocketImpl.connect(SocksSocketImpl.java:327)
	at java.base/java.net.Socket.connect(Socket.java:751)
	at org.postgresql.core.PGStream.createSocket(PGStream.java:261)
	at org.postgresql.core.PGStream.<init>(PGStream.java:122)
	at org.postgresql.core.v3.ConnectionFactoryImpl.tryConnect(ConnectionFactoryImpl.java:146)
	at org.postgresql.core.v3.ConnectionFactoryImpl.openConnectionImpl(ConnectionFactoryImpl.java:289)
	... 51 common frames omitted
2026-04-19 11:54:01.584 [main] ERROR o.s.o.j.LocalContainerEntityManagerFactoryBean - Failed to initialize JPA EntityManagerFactory: Unable to create requested service [org.hibernate.engine.jdbc.env.spi.JdbcEnvironment] due to: Unable to determine Dialect without JDBC metadata (please set 'jakarta.persistence.jdbc.url' for common cases or 'hibernate.dialect' when a custom Dialect implementation must be provided)
2026-04-19 11:54:01.585 [main] WARN  o.s.b.w.s.s.c.AnnotationConfigServletWebServerApplicationContext - Exception encountered during context initialization - cancelling refresh attempt: org.springframework.beans.factory.BeanCreationException: Error creating bean with name 'entityManagerFactory' defined in class path resource [org/springframework/boot/hibernate/autoconfigure/HibernateJpaConfiguration.class]: Unable to create requested service [org.hibernate.engine.jdbc.env.spi.JdbcEnvironment] due to: Unable to determine Dialect without JDBC metadata (please set 'jakarta.persistence.jdbc.url' for common cases or 'hibernate.dialect' when a custom Dialect implementation must be provided)
2026-04-19 11:54:01.588 [main] INFO  o.a.catalina.core.StandardService - Stopping service [Tomcat]
2026-04-19 11:54:01.593 [main] INFO  o.s.b.a.l.ConditionEvaluationReportLogger - 

Error starting ApplicationContext. To display the condition evaluation report re-run your application with 'debug' enabled.
2026-04-19 11:54:01.603 [main] ERROR o.s.boot.SpringApplication - Application run failed
org.springframework.beans.factory.BeanCreationException: Error creating bean with name 'entityManagerFactory' defined in class path resource [org/springframework/boot/hibernate/autoconfigure/HibernateJpaConfiguration.class]: Unable to create requested service [org.hibernate.engine.jdbc.env.spi.JdbcEnvironment] due to: Unable to determine Dialect without JDBC metadata (please set 'jakarta.persistence.jdbc.url' for common cases or 'hibernate.dialect' when a custom Dialect implementation must be provided)
	at org.springframework.beans.factory.support.AbstractAutowireCapableBeanFactory.initializeBean(AbstractAutowireCapableBeanFactory.java:1817)
	at org.springframework.beans.factory.support.AbstractAutowireCapableBeanFactory.doCreateBean(AbstractAutowireCapableBeanFactory.java:603)
	at org.springframework.beans.factory.support.AbstractAutowireCapableBeanFactory.createBean(AbstractAutowireCapableBeanFactory.java:525)
	at org.springframework.beans.factory.support.AbstractBeanFactory.lambda$doGetBean$0(AbstractBeanFactory.java:333)
	at org.springframework.beans.factory.support.DefaultSingletonBeanRegistry.getSingleton(DefaultSingletonBeanRegistry.java:371)
	at org.springframework.beans.factory.support.AbstractBeanFactory.doGetBean(AbstractBeanFactory.java:331)
	at org.springframework.beans.factory.support.AbstractBeanFactory.getBean(AbstractBeanFactory.java:201)
	at org.springframework.context.support.AbstractApplicationContext.finishBeanFactoryInitialization(AbstractApplicationContext.java:977)
	at org.springframework.context.support.AbstractApplicationContext.refresh(AbstractApplicationContext.java:621)
	at org.springframework.boot.web.server.servlet.context.ServletWebServerApplicationContext.refresh(ServletWebServerApplicationContext.java:143)
	at org.springframework.boot.SpringApplication.refresh(SpringApplication.java:756)
	at org.springframework.boot.SpringApplication.refreshContext(SpringApplication.java:445)
	at org.springframework.boot.SpringApplication.run(SpringApplication.java:321)
	at org.springframework.boot.SpringApplication.run(SpringApplication.java:1365)
	at org.springframework.boot.SpringApplication.run(SpringApplication.java:1354)
	at com.example.demo.DemoApplication.main(DemoApplication.java:10)
Caused by: org.hibernate.service.spi.ServiceException: Unable to create requested service [org.hibernate.engine.jdbc.env.spi.JdbcEnvironment] due to: Unable to determine Dialect without JDBC metadata (please set 'jakarta.persistence.jdbc.url' for common cases or 'hibernate.dialect' when a custom Dialect implementation must be provided)
	at org.hibernate.service.internal.AbstractServiceRegistryImpl.createService(AbstractServiceRegistryImpl.java:273)
	at org.hibernate.service.internal.AbstractServiceRegistryImpl.initializeService(AbstractServiceRegistryImpl.java:235)
	at org.hibernate.service.internal.AbstractServiceRegistryImpl.getService(AbstractServiceRegistryImpl.java:212)
	at org.hibernate.boot.model.relational.Database.<init>(Database.java:44)
	at org.hibernate.boot.internal.InFlightMetadataCollectorImpl.getDatabase(InFlightMetadataCollectorImpl.java:251)
	at org.hibernate.boot.internal.InFlightMetadataCollectorImpl.<init>(InFlightMetadataCollectorImpl.java:203)
	at org.hibernate.boot.model.process.spi.MetadataBuildingProcess.complete(MetadataBuildingProcess.java:172)
	at org.hibernate.jpa.boot.internal.EntityManagerFactoryBuilderImpl.metadata(EntityManagerFactoryBuilderImpl.java:1392)
	at org.hibernate.jpa.boot.internal.EntityManagerFactoryBuilderImpl.populateSessionFactoryBuilder(EntityManagerFactoryBuilderImpl.java:1472)
	at org.hibernate.jpa.boot.internal.EntityManagerFactoryBuilderImpl.build(EntityManagerFactoryBuilderImpl.java:1454)
	at org.springframework.orm.jpa.vendor.SpringHibernateJpaPersistenceProvider.createContainerEntityManagerFactory(SpringHibernateJpaPersistenceProvider.java:93)
	at org.springframework.orm.jpa.LocalContainerEntityManagerFactoryBean.createNativeEntityManagerFactory(LocalContainerEntityManagerFactoryBean.java:443)
	at org.springframework.orm.jpa.AbstractEntityManagerFactoryBean.buildNativeEntityManagerFactory(AbstractEntityManagerFactoryBean.java:436)
	at org.springframework.orm.jpa.AbstractEntityManagerFactoryBean.afterPropertiesSet(AbstractEntityManagerFactoryBean.java:411)
	at org.springframework.orm.jpa.LocalContainerEntityManagerFactoryBean.afterPropertiesSet(LocalContainerEntityManagerFactoryBean.java:419)
	at org.springframework.beans.factory.support.AbstractAutowireCapableBeanFactory.invokeInitMethods(AbstractAutowireCapableBeanFactory.java:1864)
	at org.springframework.beans.factory.support.AbstractAutowireCapableBeanFactory.initializeBean(AbstractAutowireCapableBeanFactory.java:1813)
	... 15 common frames omitted
Caused by: org.hibernate.HibernateException: Unable to determine Dialect without JDBC metadata (please set 'jakarta.persistence.jdbc.url' for common cases or 'hibernate.dialect' when a custom Dialect implementation must be provided)
	at org.hibernate.engine.jdbc.dialect.internal.DialectFactoryImpl.determineDialect(DialectFactoryImpl.java:190)
	at org.hibernate.engine.jdbc.dialect.internal.DialectFactoryImpl.buildDialect(DialectFactoryImpl.java:86)
	at org.hibernate.engine.jdbc.env.internal.JdbcEnvironmentInitiator.getJdbcEnvironmentWithDefaults(JdbcEnvironmentInitiator.java:200)
	at org.hibernate.engine.jdbc.env.internal.JdbcEnvironmentInitiator.getJdbcEnvironmentUsingJdbcMetadata(JdbcEnvironmentInitiator.java:452)
	at org.hibernate.engine.jdbc.env.internal.JdbcEnvironmentInitiator.getJdbcEnvironment(JdbcEnvironmentInitiator.java:143)
	at org.hibernate.engine.jdbc.env.internal.JdbcEnvironmentInitiator.initiateService(JdbcEnvironmentInitiator.java:120)
	at org.hibernate.engine.jdbc.env.internal.JdbcEnvironmentInitiator.initiateService(JdbcEnvironmentInitiator.java:80)
	at org.hibernate.boot.registry.internal.StandardServiceRegistryImpl.initiateService(StandardServiceRegistryImpl.java:133)
	at org.hibernate.service.internal.AbstractServiceRegistryImpl.createService(AbstractServiceRegistryImpl.java:260)
	... 31 common frames omitted
2026-04-19 12:01:24.694 [main] INFO  com.example.demo.DemoApplication - Starting DemoApplication using Java 21.0.10 with PID 23968 (C:\Users\aaa\Desktop\工作\專案\javaTest\textcombat-api\target\classes started by aaa in C:\Users\aaa\Desktop\工作\專案\javaTest\textcombat-api)
2026-04-19 12:01:24.697 [main] INFO  com.example.demo.DemoApplication - No active profile set, falling back to 1 default profile: "default"
2026-04-19 12:01:25.104 [main] INFO  o.s.d.r.c.RepositoryConfigurationDelegate - Bootstrapping Spring Data JPA repositories in DEFAULT mode.
2026-04-19 12:01:25.151 [main] INFO  o.s.d.r.c.RepositoryConfigurationDelegate - Finished Spring Data repository scanning in 41 ms. Found 6 JPA repository interfaces.
2026-04-19 12:01:25.562 [main] INFO  o.s.boot.tomcat.TomcatWebServer - Tomcat initialized with port 8443 (https)
2026-04-19 12:01:25.576 [main] INFO  o.a.catalina.core.StandardService - Starting service [Tomcat]
2026-04-19 12:01:25.576 [main] INFO  o.a.catalina.core.StandardEngine - Starting Servlet engine: [Apache Tomcat/11.0.20]
2026-04-19 12:01:25.616 [main] INFO  o.s.b.w.c.s.WebApplicationContextInitializer - Root WebApplicationContext: initialization completed in 885 ms
2026-04-19 12:01:25.744 [main] INFO  org.hibernate.orm.jpa - HHH008540: Processing PersistenceUnitInfo [name: default]
2026-04-19 12:01:25.780 [main] INFO  org.hibernate.orm.core - HHH000001: Hibernate ORM core version 7.2.7.Final
2026-04-19 12:01:26.124 [main] INFO  o.s.o.j.p.SpringPersistenceUnitInfo - No LoadTimeWeaver setup: ignoring JPA class transformer
2026-04-19 12:01:26.152 [main] INFO  com.zaxxer.hikari.HikariDataSource - HikariPool-1 - Starting...
2026-04-19 12:01:26.348 [main] INFO  com.zaxxer.hikari.pool.HikariPool - HikariPool-1 - Added connection org.postgresql.jdbc.PgConnection@57b130f6
2026-04-19 12:01:26.349 [main] INFO  com.zaxxer.hikari.HikariDataSource - HikariPool-1 - Start completed.
2026-04-19 12:01:26.422 [main] INFO  o.hibernate.orm.connections.pooling - HHH10001005: Database info:
	Database JDBC URL [jdbc:postgresql://192.168.6.129:5432/textcombatdb]
	Database driver: PostgreSQL JDBC Driver
	Database dialect: PostgreSQLDialect
	Database version: 16.13
	Default catalog/schema: textcombatdb/public
	Autocommit mode: undefined/unknown
	Isolation level: READ_COMMITTED [default READ_COMMITTED]
	JDBC fetch size: none
	Pool: DataSourceConnectionProvider
	Minimum pool size: undefined/unknown
	Maximum pool size: undefined/unknown
2026-04-19 12:01:27.328 [main] INFO  org.hibernate.orm.core - HHH000489: No JTA platform available (set 'hibernate.transaction.jta.platform' to enable JTA platform integration)
2026-04-19 12:01:27.400 [main] INFO  o.s.o.j.LocalContainerEntityManagerFactoryBean - Initialized JPA EntityManagerFactory for persistence unit 'default'
2026-04-19 12:01:27.464 [main] INFO  o.s.d.j.r.q.QueryEnhancerFactories - Hibernate is in classpath; If applicable, HQL parser will be used.
2026-04-19 12:01:27.664 [main] WARN  o.s.b.j.a.JpaBaseConfiguration$JpaWebConfiguration - spring.jpa.open-in-view is enabled by default. Therefore, database queries may be performed during view rendering. Explicitly configure spring.jpa.open-in-view to disable this warning
2026-04-19 12:01:28.029 [main] INFO  o.a.t.u.net.NioEndpoint.certificate - Connector [https-jsse-nio-8443], TLS virtual host [_default_], certificate type [UNDEFINED] configured from keystore [Set directly - location unknown] using alias [textcombat] with trust store [null]
2026-04-19 12:01:28.043 [main] INFO  o.s.boot.tomcat.TomcatWebServer - Tomcat started on port 8443 (https) with context path '/'
2026-04-19 12:01:28.048 [main] INFO  com.example.demo.DemoApplication - Started DemoApplication in 3.679 seconds (process running for 3.965)
2026-04-19 12:02:55.763 [https-jsse-nio-8443-exec-6] INFO  o.a.c.c.C.[Tomcat].[localhost].[/] - Initializing Spring DispatcherServlet 'dispatcherServlet'
2026-04-19 12:02:55.763 [https-jsse-nio-8443-exec-6] INFO  o.s.web.servlet.DispatcherServlet - Initializing Servlet 'dispatcherServlet'
2026-04-19 12:02:55.766 [https-jsse-nio-8443-exec-6] INFO  o.s.web.servlet.DispatcherServlet - Completed initialization in 1 ms
2026-04-19 12:02:56.447 [https-jsse-nio-8443-exec-6] INFO  c.e.demo.Services.AccountService - 登入成功: username=admin, id=2, roles=[ADMIN]
2026-04-19 12:53:13.364 [SpringApplicationShutdownHook] INFO  o.s.boot.tomcat.GracefulShutdown - Commencing graceful shutdown. Waiting for active requests to complete
2026-04-19 12:53:13.377 [tomcat-shutdown] INFO  o.s.boot.tomcat.GracefulShutdown - Graceful shutdown complete
2026-04-19 12:53:13.385 [SpringApplicationShutdownHook] INFO  o.s.o.j.LocalContainerEntityManagerFactoryBean - Closing JPA EntityManagerFactory for persistence unit 'default'
2026-04-19 12:53:13.393 [SpringApplicationShutdownHook] INFO  com.zaxxer.hikari.HikariDataSource - HikariPool-1 - Shutdown initiated...
2026-04-19 12:53:13.412 [SpringApplicationShutdownHook] INFO  com.zaxxer.hikari.HikariDataSource - HikariPool-1 - Shutdown completed.
2026-04-19 12:57:05.127 [main] INFO  c.example.demo.DemoApplicationTests - Starting DemoApplicationTests using Java 21.0.10 with PID 30796 (started by aaa in C:\Users\aaa\Desktop\工作\專案\javaTest\textcombat-api)
2026-04-19 12:57:05.129 [main] INFO  c.example.demo.DemoApplicationTests - No active profile set, falling back to 1 default profile: "default"
2026-04-19 12:57:05.848 [main] INFO  o.s.d.r.c.RepositoryConfigurationDelegate - Bootstrapping Spring Data JPA repositories in DEFAULT mode.
2026-04-19 12:57:05.902 [main] INFO  o.s.d.r.c.RepositoryConfigurationDelegate - Finished Spring Data repository scanning in 45 ms. Found 6 JPA repository interfaces.
2026-04-19 12:57:06.334 [main] INFO  org.hibernate.orm.jpa - HHH008540: Processing PersistenceUnitInfo [name: default]
2026-04-19 12:57:06.399 [main] INFO  org.hibernate.orm.core - HHH000001: Hibernate ORM core version 7.2.7.Final
2026-04-19 12:57:06.954 [main] INFO  o.s.o.j.p.SpringPersistenceUnitInfo - No LoadTimeWeaver setup: ignoring JPA class transformer
2026-04-19 12:57:06.991 [main] INFO  com.zaxxer.hikari.HikariDataSource - HikariPool-1 - Starting...
2026-04-19 12:57:07.294 [main] INFO  com.zaxxer.hikari.pool.HikariPool - HikariPool-1 - Added connection org.postgresql.jdbc.PgConnection@6c56fff
2026-04-19 12:57:07.295 [main] INFO  com.zaxxer.hikari.HikariDataSource - HikariPool-1 - Start completed.
2026-04-19 12:57:07.363 [main] INFO  o.hibernate.orm.connections.pooling - HHH10001005: Database info:
	Database JDBC URL [jdbc:postgresql://192.168.6.129:5432/textcombatdb]
	Database driver: PostgreSQL JDBC Driver
	Database dialect: PostgreSQLDialect
	Database version: 16.13
	Default catalog/schema: textcombatdb/public
	Autocommit mode: undefined/unknown
	Isolation level: READ_COMMITTED [default READ_COMMITTED]
	JDBC fetch size: none
	Pool: DataSourceConnectionProvider
	Minimum pool size: undefined/unknown
	Maximum pool size: undefined/unknown
2026-04-19 12:57:08.397 [main] INFO  org.hibernate.orm.core - HHH000489: No JTA platform available (set 'hibernate.transaction.jta.platform' to enable JTA platform integration)
2026-04-19 12:57:08.439 [main] INFO  o.s.o.j.LocalContainerEntityManagerFactoryBean - Initialized JPA EntityManagerFactory for persistence unit 'default'
2026-04-19 12:57:08.504 [main] INFO  o.s.d.j.r.q.QueryEnhancerFactories - Hibernate is in classpath; If applicable, HQL parser will be used.
2026-04-19 12:57:08.744 [main] WARN  o.s.b.j.a.JpaBaseConfiguration$JpaWebConfiguration - spring.jpa.open-in-view is enabled by default. Therefore, database queries may be performed during view rendering. Explicitly configure spring.jpa.open-in-view to disable this warning
2026-04-19 12:57:09.273 [main] INFO  c.example.demo.DemoApplicationTests - Started DemoApplicationTests in 4.41 seconds (process running for 5.336)
2026-04-19 12:57:09.713 [SpringApplicationShutdownHook] INFO  o.s.o.j.LocalContainerEntityManagerFactoryBean - Closing JPA EntityManagerFactory for persistence unit 'default'
2026-04-19 12:57:09.716 [SpringApplicationShutdownHook] INFO  com.zaxxer.hikari.HikariDataSource - HikariPool-1 - Shutdown initiated...
2026-04-19 12:57:09.739 [SpringApplicationShutdownHook] INFO  com.zaxxer.hikari.HikariDataSource - HikariPool-1 - Shutdown completed.
2026-04-19 15:25:45.769 [main] INFO  com.example.demo.DemoApplication - Starting DemoApplication using Java 21.0.10 with PID 52604 (C:\Users\aaa\Desktop\工作\專案\javaTest\textcombat-api\target\classes started by aaa in C:\Users\aaa\Desktop\工作\專案\javaTest\textcombat-api)
2026-04-19 15:25:45.771 [main] INFO  com.example.demo.DemoApplication - No active profile set, falling back to 1 default profile: "default"
2026-04-19 15:25:46.229 [main] INFO  o.s.d.r.c.RepositoryConfigurationDelegate - Bootstrapping Spring Data JPA repositories in DEFAULT mode.
2026-04-19 15:25:46.294 [main] INFO  o.s.d.r.c.RepositoryConfigurationDelegate - Finished Spring Data repository scanning in 57 ms. Found 6 JPA repository interfaces.
2026-04-19 15:25:46.759 [main] INFO  o.s.boot.tomcat.TomcatWebServer - Tomcat initialized with port 8443 (https)
2026-04-19 15:25:46.773 [main] INFO  o.a.catalina.core.StandardService - Starting service [Tomcat]
2026-04-19 15:25:46.773 [main] INFO  o.a.catalina.core.StandardEngine - Starting Servlet engine: [Apache Tomcat/11.0.20]
2026-04-19 15:25:46.818 [main] INFO  o.s.b.w.c.s.WebApplicationContextInitializer - Root WebApplicationContext: initialization completed in 1012 ms
2026-04-19 15:25:46.956 [main] INFO  org.hibernate.orm.jpa - HHH008540: Processing PersistenceUnitInfo [name: default]
2026-04-19 15:25:47.007 [main] INFO  org.hibernate.orm.core - HHH000001: Hibernate ORM core version 7.2.7.Final
2026-04-19 15:25:47.366 [main] INFO  o.s.o.j.p.SpringPersistenceUnitInfo - No LoadTimeWeaver setup: ignoring JPA class transformer
2026-04-19 15:25:47.394 [main] INFO  com.zaxxer.hikari.HikariDataSource - HikariPool-1 - Starting...
2026-04-19 15:25:47.631 [main] INFO  com.zaxxer.hikari.pool.HikariPool - HikariPool-1 - Added connection org.postgresql.jdbc.PgConnection@2c0fefac
2026-04-19 15:25:47.632 [main] INFO  com.zaxxer.hikari.HikariDataSource - HikariPool-1 - Start completed.
2026-04-19 15:25:47.687 [main] INFO  o.hibernate.orm.connections.pooling - HHH10001005: Database info:
	Database JDBC URL [jdbc:postgresql://192.168.6.129:5432/textcombatdb]
	Database driver: PostgreSQL JDBC Driver
	Database dialect: PostgreSQLDialect
	Database version: 16.13
	Default catalog/schema: textcombatdb/public
	Autocommit mode: undefined/unknown
	Isolation level: READ_COMMITTED [default READ_COMMITTED]
	JDBC fetch size: none
	Pool: DataSourceConnectionProvider
	Minimum pool size: undefined/unknown
	Maximum pool size: undefined/unknown
2026-04-19 15:25:48.620 [main] INFO  org.hibernate.orm.core - HHH000489: No JTA platform available (set 'hibernate.transaction.jta.platform' to enable JTA platform integration)
2026-04-19 15:25:48.662 [main] INFO  o.s.o.j.LocalContainerEntityManagerFactoryBean - Initialized JPA EntityManagerFactory for persistence unit 'default'
2026-04-19 15:25:48.724 [main] INFO  o.s.d.j.r.q.QueryEnhancerFactories - Hibernate is in classpath; If applicable, HQL parser will be used.
2026-04-19 15:25:48.950 [main] WARN  o.s.b.j.a.JpaBaseConfiguration$JpaWebConfiguration - spring.jpa.open-in-view is enabled by default. Therefore, database queries may be performed during view rendering. Explicitly configure spring.jpa.open-in-view to disable this warning
2026-04-19 15:25:49.292 [main] INFO  o.a.t.u.net.NioEndpoint.certificate - Connector [https-jsse-nio-8443], TLS virtual host [_default_], certificate type [UNDEFINED] configured from keystore [Set directly - location unknown] using alias [textcombat] with trust store [null]
2026-04-19 15:25:49.307 [main] INFO  o.s.boot.tomcat.TomcatWebServer - Tomcat started on port 8443 (https) with context path '/'
2026-04-19 15:25:49.310 [main] INFO  com.example.demo.DemoApplication - Started DemoApplication in 3.907 seconds (process running for 4.203)
2026-04-19 15:29:12.858 [https-jsse-nio-8443-exec-5] INFO  o.a.c.c.C.[Tomcat].[localhost].[/] - Initializing Spring DispatcherServlet 'dispatcherServlet'
2026-04-19 15:29:12.859 [https-jsse-nio-8443-exec-5] INFO  o.s.web.servlet.DispatcherServlet - Initializing Servlet 'dispatcherServlet'
2026-04-19 15:29:12.861 [https-jsse-nio-8443-exec-5] INFO  o.s.web.servlet.DispatcherServlet - Completed initialization in 2 ms
2026-04-19 15:29:13.568 [https-jsse-nio-8443-exec-5] INFO  c.e.demo.Services.AccountService - 登入成功: username=player01, id=1, roles=[PLAYER]
2026-04-19 15:29:37.768 [https-jsse-nio-8443-exec-9] INFO  c.e.demo.Services.InventoryService - 裝備物品: userId=1, slot=WEAPON, invItemId=1, itemCode=SWORD_01
2026-04-19 15:29:40.440 [https-jsse-nio-8443-exec-5] INFO  c.e.demo.Services.InventoryService - 裝備物品: userId=1, slot=WEAPON, invItemId=2, itemCode=SWORD_02
2026-04-19 15:29:46.107 [https-jsse-nio-8443-exec-9] INFO  c.e.demo.Services.InventoryService - 裝備物品: userId=1, slot=ARMOR, invItemId=4, itemCode=ARMOR_01
2026-04-19 15:29:48.126 [https-jsse-nio-8443-exec-5] INFO  c.e.demo.Services.InventoryService - 裝備物品: userId=1, slot=HELMET, invItemId=5, itemCode=HELM_01
2026-04-19 15:29:50.344 [https-jsse-nio-8443-exec-9] INFO  c.e.demo.Services.InventoryService - 裝備物品: userId=1, slot=BOOTS, invItemId=6, itemCode=BOOTS_01
2026-04-19 15:29:53.697 [https-jsse-nio-8443-exec-5] INFO  c.e.demo.Services.InventoryService - 裝備物品: userId=1, slot=ACCESSORY, invItemId=7, itemCode=RING_01
2026-04-19 15:31:33.013 [https-jsse-nio-8443-exec-9] INFO  c.e.demo.Services.InventoryService - 丟棄物品（扣數量）: userId=1, invItemId=10, qty=1, remaining=1
2026-04-19 15:37:07.472 [https-jsse-nio-8443-exec-5] INFO  c.e.demo.Services.InventoryService - 卸下裝備: userId=1, slot=BOOTS
2026-04-19 15:37:12.398 [https-jsse-nio-8443-exec-9] INFO  c.e.demo.Services.InventoryService - 裝備物品: userId=1, slot=BOOTS, invItemId=6, itemCode=BOOTS_01
2026-04-19 15:42:18.034 [https-jsse-nio-8443-exec-5] INFO  c.e.demo.Services.AccountService - 登入成功: username=player01, id=1, roles=[PLAYER]
2026-04-19 15:42:27.645 [SpringApplicationShutdownHook] INFO  o.s.boot.tomcat.GracefulShutdown - Commencing graceful shutdown. Waiting for active requests to complete
2026-04-19 15:42:27.651 [tomcat-shutdown] INFO  o.s.boot.tomcat.GracefulShutdown - Graceful shutdown complete
2026-04-19 15:42:27.654 [SpringApplicationShutdownHook] INFO  o.s.o.j.LocalContainerEntityManagerFactoryBean - Closing JPA EntityManagerFactory for persistence unit 'default'
2026-04-19 15:42:27.656 [SpringApplicationShutdownHook] INFO  com.zaxxer.hikari.HikariDataSource - HikariPool-1 - Shutdown initiated...
2026-04-19 15:42:27.669 [SpringApplicationShutdownHook] INFO  com.zaxxer.hikari.HikariDataSource - HikariPool-1 - Shutdown completed.
2026-04-19 15:42:35.039 [main] INFO  com.example.demo.DemoApplication - Starting DemoApplication using Java 21.0.10 with PID 53872 (C:\Users\aaa\Desktop\工作\專案\javaTest\textcombat-api\target\classes started by aaa in C:\Users\aaa\Desktop\工作\專案\javaTest\textcombat-api)
2026-04-19 15:42:35.041 [main] INFO  com.example.demo.DemoApplication - No active profile set, falling back to 1 default profile: "default"
2026-04-19 15:42:35.426 [main] INFO  o.s.d.r.c.RepositoryConfigurationDelegate - Bootstrapping Spring Data JPA repositories in DEFAULT mode.
2026-04-19 15:42:35.477 [main] INFO  o.s.d.r.c.RepositoryConfigurationDelegate - Finished Spring Data repository scanning in 45 ms. Found 7 JPA repository interfaces.
2026-04-19 15:42:35.863 [main] INFO  o.s.boot.tomcat.TomcatWebServer - Tomcat initialized with port 8443 (https)
2026-04-19 15:42:35.875 [main] INFO  o.a.catalina.core.StandardService - Starting service [Tomcat]
2026-04-19 15:42:35.875 [main] INFO  o.a.catalina.core.StandardEngine - Starting Servlet engine: [Apache Tomcat/11.0.20]
2026-04-19 15:42:35.910 [main] INFO  o.s.b.w.c.s.WebApplicationContextInitializer - Root WebApplicationContext: initialization completed in 839 ms
2026-04-19 15:42:36.023 [main] INFO  org.hibernate.orm.jpa - HHH008540: Processing PersistenceUnitInfo [name: default]
2026-04-19 15:42:36.056 [main] INFO  org.hibernate.orm.core - HHH000001: Hibernate ORM core version 7.2.7.Final
2026-04-19 15:42:36.353 [main] INFO  o.s.o.j.p.SpringPersistenceUnitInfo - No LoadTimeWeaver setup: ignoring JPA class transformer
2026-04-19 15:42:36.377 [main] INFO  com.zaxxer.hikari.HikariDataSource - HikariPool-1 - Starting...
2026-04-19 15:42:36.553 [main] INFO  com.zaxxer.hikari.pool.HikariPool - HikariPool-1 - Added connection org.postgresql.jdbc.PgConnection@507f47f9
2026-04-19 15:42:36.554 [main] INFO  com.zaxxer.hikari.HikariDataSource - HikariPool-1 - Start completed.
2026-04-19 15:42:36.605 [main] INFO  o.hibernate.orm.connections.pooling - HHH10001005: Database info:
	Database JDBC URL [jdbc:postgresql://192.168.6.129:5432/textcombatdb]
	Database driver: PostgreSQL JDBC Driver
	Database dialect: PostgreSQLDialect
	Database version: 16.13
	Default catalog/schema: textcombatdb/public
	Autocommit mode: undefined/unknown
	Isolation level: READ_COMMITTED [default READ_COMMITTED]
	JDBC fetch size: none
	Pool: DataSourceConnectionProvider
	Minimum pool size: undefined/unknown
	Maximum pool size: undefined/unknown
2026-04-19 15:42:37.397 [main] INFO  org.hibernate.orm.core - HHH000489: No JTA platform available (set 'hibernate.transaction.jta.platform' to enable JTA platform integration)
2026-04-19 15:42:37.434 [main] ERROR o.s.o.j.LocalContainerEntityManagerFactoryBean - Failed to initialize JPA EntityManagerFactory: Unable to build Hibernate SessionFactory  [persistence unit: default] ; nested exception is org.hibernate.tool.schema.spi.SchemaManagementException: Schema validation: missing table [gold_transactions]
2026-04-19 15:42:37.434 [main] WARN  o.s.b.w.s.s.c.AnnotationConfigServletWebServerApplicationContext - Exception encountered during context initialization - cancelling refresh attempt: org.springframework.beans.factory.BeanCreationException: Error creating bean with name 'entityManagerFactory' defined in class path resource [org/springframework/boot/hibernate/autoconfigure/HibernateJpaConfiguration.class]: Unable to build Hibernate SessionFactory  [persistence unit: default] ; nested exception is org.hibernate.tool.schema.spi.SchemaManagementException: Schema validation: missing table [gold_transactions]
2026-04-19 15:42:37.435 [main] INFO  com.zaxxer.hikari.HikariDataSource - HikariPool-1 - Shutdown initiated...
2026-04-19 15:42:37.451 [main] INFO  com.zaxxer.hikari.HikariDataSource - HikariPool-1 - Shutdown completed.
2026-04-19 15:42:37.453 [main] INFO  o.a.catalina.core.StandardService - Stopping service [Tomcat]
2026-04-19 15:42:37.458 [main] INFO  o.s.b.a.l.ConditionEvaluationReportLogger - 

Error starting ApplicationContext. To display the condition evaluation report re-run your application with 'debug' enabled.
2026-04-19 15:42:37.468 [main] ERROR o.s.boot.SpringApplication - Application run failed
org.springframework.beans.factory.BeanCreationException: Error creating bean with name 'entityManagerFactory' defined in class path resource [org/springframework/boot/hibernate/autoconfigure/HibernateJpaConfiguration.class]: Unable to build Hibernate SessionFactory  [persistence unit: default] ; nested exception is org.hibernate.tool.schema.spi.SchemaManagementException: Schema validation: missing table [gold_transactions]
	at org.springframework.beans.factory.support.AbstractAutowireCapableBeanFactory.initializeBean(AbstractAutowireCapableBeanFactory.java:1817)
	at org.springframework.beans.factory.support.AbstractAutowireCapableBeanFactory.doCreateBean(AbstractAutowireCapableBeanFactory.java:603)
	at org.springframework.beans.factory.support.AbstractAutowireCapableBeanFactory.createBean(AbstractAutowireCapableBeanFactory.java:525)
	at org.springframework.beans.factory.support.AbstractBeanFactory.lambda$doGetBean$0(AbstractBeanFactory.java:333)
	at org.springframework.beans.factory.support.DefaultSingletonBeanRegistry.getSingleton(DefaultSingletonBeanRegistry.java:371)
	at org.springframework.beans.factory.support.AbstractBeanFactory.doGetBean(AbstractBeanFactory.java:331)
	at org.springframework.beans.factory.support.AbstractBeanFactory.getBean(AbstractBeanFactory.java:201)
	at org.springframework.context.support.AbstractApplicationContext.finishBeanFactoryInitialization(AbstractApplicationContext.java:977)
	at org.springframework.context.support.AbstractApplicationContext.refresh(AbstractApplicationContext.java:621)
	at org.springframework.boot.web.server.servlet.context.ServletWebServerApplicationContext.refresh(ServletWebServerApplicationContext.java:143)
	at org.springframework.boot.SpringApplication.refresh(SpringApplication.java:756)
	at org.springframework.boot.SpringApplication.refreshContext(SpringApplication.java:445)
	at org.springframework.boot.SpringApplication.run(SpringApplication.java:321)
	at org.springframework.boot.SpringApplication.run(SpringApplication.java:1365)
	at org.springframework.boot.SpringApplication.run(SpringApplication.java:1354)
	at com.example.demo.DemoApplication.main(DemoApplication.java:10)
Caused by: jakarta.persistence.PersistenceException: Unable to build Hibernate SessionFactory  [persistence unit: default] ; nested exception is org.hibernate.tool.schema.spi.SchemaManagementException: Schema validation: missing table [gold_transactions]
	at org.springframework.orm.jpa.AbstractEntityManagerFactoryBean.buildNativeEntityManagerFactory(AbstractEntityManagerFactoryBean.java:448)
	at org.springframework.orm.jpa.AbstractEntityManagerFactoryBean.afterPropertiesSet(AbstractEntityManagerFactoryBean.java:411)
	at org.springframework.orm.jpa.LocalContainerEntityManagerFactoryBean.afterPropertiesSet(LocalContainerEntityManagerFactoryBean.java:419)
	at org.springframework.beans.factory.support.AbstractAutowireCapableBeanFactory.invokeInitMethods(AbstractAutowireCapableBeanFactory.java:1864)
	at org.springframework.beans.factory.support.AbstractAutowireCapableBeanFactory.initializeBean(AbstractAutowireCapableBeanFactory.java:1813)
	... 15 common frames omitted
Caused by: org.hibernate.tool.schema.spi.SchemaManagementException: Schema validation: missing table [gold_transactions]
	at org.hibernate.tool.schema.internal.AbstractSchemaValidator.validateTable(AbstractSchemaValidator.java:121)
	at org.hibernate.tool.schema.internal.GroupedSchemaValidatorImpl.validateTables(GroupedSchemaValidatorImpl.java:42)
	at org.hibernate.tool.schema.internal.AbstractSchemaValidator.performValidation(AbstractSchemaValidator.java:90)
	at org.hibernate.tool.schema.internal.AbstractSchemaValidator.doValidation(AbstractSchemaValidator.java:68)
	at org.hibernate.tool.schema.spi.SchemaManagementToolCoordinator.performDatabaseAction(SchemaManagementToolCoordinator.java:278)
	at org.hibernate.tool.schema.spi.SchemaManagementToolCoordinator.lambda$process$1(SchemaManagementToolCoordinator.java:101)
	at java.base/java.util.HashMap.forEach(HashMap.java:1429)
	at org.hibernate.tool.schema.spi.SchemaManagementToolCoordinator.process(SchemaManagementToolCoordinator.java:100)
	at org.hibernate.boot.internal.SessionFactoryObserverForSchemaExport.sessionFactoryCreated(SessionFactoryObserverForSchemaExport.java:35)
	at org.hibernate.internal.SessionFactoryObserverChain.sessionFactoryCreated(SessionFactoryObserverChain.java:33)
	at org.hibernate.internal.SessionFactoryImpl.<init>(SessionFactoryImpl.java:323)
	at org.hibernate.internal.SessionFactoryRegistry.instantiateSessionFactory(SessionFactoryRegistry.java:64)
	at org.hibernate.boot.internal.SessionFactoryBuilderImpl.build(SessionFactoryBuilderImpl.java:437)
	at org.hibernate.jpa.boot.internal.EntityManagerFactoryBuilderImpl.build(EntityManagerFactoryBuilderImpl.java:1456)
	at org.springframework.orm.jpa.vendor.SpringHibernateJpaPersistenceProvider.createContainerEntityManagerFactory(SpringHibernateJpaPersistenceProvider.java:93)
	at org.springframework.orm.jpa.LocalContainerEntityManagerFactoryBean.createNativeEntityManagerFactory(LocalContainerEntityManagerFactoryBean.java:443)
	at org.springframework.orm.jpa.AbstractEntityManagerFactoryBean.buildNativeEntityManagerFactory(AbstractEntityManagerFactoryBean.java:436)
	... 19 common frames omitted
2026-04-19 15:43:43.787 [main] INFO  com.example.demo.DemoApplication - Starting DemoApplication using Java 21.0.10 with PID 45264 (C:\Users\aaa\Desktop\工作\專案\javaTest\textcombat-api\target\classes started by aaa in C:\Users\aaa\Desktop\工作\專案\javaTest\textcombat-api)
2026-04-19 15:43:43.790 [main] INFO  com.example.demo.DemoApplication - No active profile set, falling back to 1 default profile: "default"
2026-04-19 15:43:44.169 [main] INFO  o.s.d.r.c.RepositoryConfigurationDelegate - Bootstrapping Spring Data JPA repositories in DEFAULT mode.
2026-04-19 15:43:44.216 [main] INFO  o.s.d.r.c.RepositoryConfigurationDelegate - Finished Spring Data repository scanning in 40 ms. Found 7 JPA repository interfaces.
2026-04-19 15:43:44.594 [main] INFO  o.s.boot.tomcat.TomcatWebServer - Tomcat initialized with port 8443 (https)
2026-04-19 15:43:44.605 [main] INFO  o.a.catalina.core.StandardService - Starting service [Tomcat]
2026-04-19 15:43:44.606 [main] INFO  o.a.catalina.core.StandardEngine - Starting Servlet engine: [Apache Tomcat/11.0.20]
2026-04-19 15:43:44.650 [main] INFO  o.s.b.w.c.s.WebApplicationContextInitializer - Root WebApplicationContext: initialization completed in 831 ms
2026-04-19 15:43:44.766 [main] INFO  org.hibernate.orm.jpa - HHH008540: Processing PersistenceUnitInfo [name: default]
2026-04-19 15:43:44.799 [main] INFO  org.hibernate.orm.core - HHH000001: Hibernate ORM core version 7.2.7.Final
2026-04-19 15:43:45.078 [main] INFO  o.s.o.j.p.SpringPersistenceUnitInfo - No LoadTimeWeaver setup: ignoring JPA class transformer
2026-04-19 15:43:45.098 [main] INFO  com.zaxxer.hikari.HikariDataSource - HikariPool-1 - Starting...
2026-04-19 15:43:45.265 [main] INFO  com.zaxxer.hikari.pool.HikariPool - HikariPool-1 - Added connection org.postgresql.jdbc.PgConnection@3359c3f6
2026-04-19 15:43:45.266 [main] INFO  com.zaxxer.hikari.HikariDataSource - HikariPool-1 - Start completed.
2026-04-19 15:43:45.311 [main] INFO  o.hibernate.orm.connections.pooling - HHH10001005: Database info:
	Database JDBC URL [jdbc:postgresql://192.168.6.129:5432/textcombatdb]
	Database driver: PostgreSQL JDBC Driver
	Database dialect: PostgreSQLDialect
	Database version: 16.13
	Default catalog/schema: textcombatdb/public
	Autocommit mode: undefined/unknown
	Isolation level: READ_COMMITTED [default READ_COMMITTED]
	JDBC fetch size: none
	Pool: DataSourceConnectionProvider
	Minimum pool size: undefined/unknown
	Maximum pool size: undefined/unknown
2026-04-19 15:43:46.032 [main] INFO  org.hibernate.orm.core - HHH000489: No JTA platform available (set 'hibernate.transaction.jta.platform' to enable JTA platform integration)
2026-04-19 15:43:46.068 [main] INFO  o.s.o.j.LocalContainerEntityManagerFactoryBean - Initialized JPA EntityManagerFactory for persistence unit 'default'
2026-04-19 15:43:46.120 [main] INFO  o.s.d.j.r.q.QueryEnhancerFactories - Hibernate is in classpath; If applicable, HQL parser will be used.
2026-04-19 15:43:46.327 [main] WARN  o.s.b.j.a.JpaBaseConfiguration$JpaWebConfiguration - spring.jpa.open-in-view is enabled by default. Therefore, database queries may be performed during view rendering. Explicitly configure spring.jpa.open-in-view to disable this warning
2026-04-19 15:43:46.615 [main] INFO  o.a.t.u.net.NioEndpoint.certificate - Connector [https-jsse-nio-8443], TLS virtual host [_default_], certificate type [UNDEFINED] configured from keystore [Set directly - location unknown] using alias [textcombat] with trust store [null]
2026-04-19 15:43:46.625 [main] INFO  o.s.boot.tomcat.TomcatWebServer - Tomcat started on port 8443 (https) with context path '/'
2026-04-19 15:43:46.629 [main] INFO  com.example.demo.DemoApplication - Started DemoApplication in 3.136 seconds (process running for 3.391)
2026-04-19 15:44:01.214 [https-jsse-nio-8443-exec-7] INFO  o.a.c.c.C.[Tomcat].[localhost].[/] - Initializing Spring DispatcherServlet 'dispatcherServlet'
2026-04-19 15:44:01.215 [https-jsse-nio-8443-exec-7] INFO  o.s.web.servlet.DispatcherServlet - Initializing Servlet 'dispatcherServlet'
2026-04-19 15:44:01.217 [https-jsse-nio-8443-exec-7] INFO  o.s.web.servlet.DispatcherServlet - Completed initialization in 1 ms
2026-04-19 16:14:07.015 [https-jsse-nio-8443-exec-5] INFO  c.e.demo.Services.AccountService - 登入成功: username=admin, id=2, roles=[ADMIN]
2026-04-19 16:14:36.781 [https-jsse-nio-8443-exec-2] INFO  c.example.demo.Services.GoldService - 金幣異動: userId=2, amount=999999999, newBalance=999999999, reason=GRANT, refId=null
2026-04-19 16:15:04.458 [SpringApplicationShutdownHook] INFO  o.s.boot.tomcat.GracefulShutdown - Commencing graceful shutdown. Waiting for active requests to complete
2026-04-19 16:15:04.464 [tomcat-shutdown] INFO  o.s.boot.tomcat.GracefulShutdown - Graceful shutdown complete
2026-04-19 16:15:04.467 [SpringApplicationShutdownHook] INFO  o.s.o.j.LocalContainerEntityManagerFactoryBean - Closing JPA EntityManagerFactory for persistence unit 'default'
2026-04-19 16:15:04.469 [SpringApplicationShutdownHook] INFO  com.zaxxer.hikari.HikariDataSource - HikariPool-1 - Shutdown initiated...
2026-04-19 16:15:04.480 [SpringApplicationShutdownHook] INFO  com.zaxxer.hikari.HikariDataSource - HikariPool-1 - Shutdown completed.
2026-04-19 16:15:11.796 [main] INFO  com.example.demo.DemoApplication - Starting DemoApplication using Java 21.0.10 with PID 57632 (C:\Users\aaa\Desktop\工作\專案\javaTest\textcombat-api\target\classes started by aaa in C:\Users\aaa\Desktop\工作\專案\javaTest\textcombat-api)
2026-04-19 16:15:11.799 [main] INFO  com.example.demo.DemoApplication - No active profile set, falling back to 1 default profile: "default"
2026-04-19 16:15:12.174 [main] INFO  o.s.d.r.c.RepositoryConfigurationDelegate - Bootstrapping Spring Data JPA repositories in DEFAULT mode.
2026-04-19 16:15:12.226 [main] INFO  o.s.d.r.c.RepositoryConfigurationDelegate - Finished Spring Data repository scanning in 45 ms. Found 7 JPA repository interfaces.
2026-04-19 16:15:12.615 [main] INFO  o.s.boot.tomcat.TomcatWebServer - Tomcat initialized with port 8443 (https)
2026-04-19 16:15:12.628 [main] INFO  o.a.catalina.core.StandardService - Starting service [Tomcat]
2026-04-19 16:15:12.628 [main] INFO  o.a.catalina.core.StandardEngine - Starting Servlet engine: [Apache Tomcat/11.0.20]
2026-04-19 16:15:12.664 [main] INFO  o.s.b.w.c.s.WebApplicationContextInitializer - Root WebApplicationContext: initialization completed in 837 ms
2026-04-19 16:15:12.779 [main] INFO  org.hibernate.orm.jpa - HHH008540: Processing PersistenceUnitInfo [name: default]
2026-04-19 16:15:12.809 [main] INFO  org.hibernate.orm.core - HHH000001: Hibernate ORM core version 7.2.7.Final
2026-04-19 16:15:13.071 [main] INFO  o.s.o.j.p.SpringPersistenceUnitInfo - No LoadTimeWeaver setup: ignoring JPA class transformer
2026-04-19 16:15:13.092 [main] INFO  com.zaxxer.hikari.HikariDataSource - HikariPool-1 - Starting...
2026-04-19 16:15:13.262 [main] INFO  com.zaxxer.hikari.pool.HikariPool - HikariPool-1 - Added connection org.postgresql.jdbc.PgConnection@707f4647
2026-04-19 16:15:13.263 [main] INFO  com.zaxxer.hikari.HikariDataSource - HikariPool-1 - Start completed.
2026-04-19 16:15:13.305 [main] INFO  o.hibernate.orm.connections.pooling - HHH10001005: Database info:
	Database JDBC URL [jdbc:postgresql://192.168.6.129:5432/textcombatdb]
	Database driver: PostgreSQL JDBC Driver
	Database dialect: PostgreSQLDialect
	Database version: 16.13
	Default catalog/schema: textcombatdb/public
	Autocommit mode: undefined/unknown
	Isolation level: READ_COMMITTED [default READ_COMMITTED]
	JDBC fetch size: none
	Pool: DataSourceConnectionProvider
	Minimum pool size: undefined/unknown
	Maximum pool size: undefined/unknown
2026-04-19 16:15:14.053 [main] INFO  org.hibernate.orm.core - HHH000489: No JTA platform available (set 'hibernate.transaction.jta.platform' to enable JTA platform integration)
2026-04-19 16:15:14.087 [main] INFO  o.s.o.j.LocalContainerEntityManagerFactoryBean - Initialized JPA EntityManagerFactory for persistence unit 'default'
2026-04-19 16:15:14.142 [main] INFO  o.s.d.j.r.q.QueryEnhancerFactories - Hibernate is in classpath; If applicable, HQL parser will be used.
2026-04-19 16:15:14.342 [main] WARN  o.s.b.j.a.JpaBaseConfiguration$JpaWebConfiguration - spring.jpa.open-in-view is enabled by default. Therefore, database queries may be performed during view rendering. Explicitly configure spring.jpa.open-in-view to disable this warning
2026-04-19 16:15:14.631 [main] INFO  o.a.t.u.net.NioEndpoint.certificate - Connector [https-jsse-nio-8443], TLS virtual host [_default_], certificate type [UNDEFINED] configured from keystore [Set directly - location unknown] using alias [textcombat] with trust store [null]
2026-04-19 16:15:14.641 [main] INFO  o.s.boot.tomcat.TomcatWebServer - Tomcat started on port 8443 (https) with context path '/'
2026-04-19 16:15:14.645 [main] INFO  com.example.demo.DemoApplication - Started DemoApplication in 3.14 seconds (process running for 3.392)
2026-04-19 16:15:22.764 [https-jsse-nio-8443-exec-5] INFO  o.a.c.c.C.[Tomcat].[localhost].[/] - Initializing Spring DispatcherServlet 'dispatcherServlet'
2026-04-19 16:15:22.765 [https-jsse-nio-8443-exec-5] INFO  o.s.web.servlet.DispatcherServlet - Initializing Servlet 'dispatcherServlet'
2026-04-19 16:15:22.766 [https-jsse-nio-8443-exec-5] INFO  o.s.web.servlet.DispatcherServlet - Completed initialization in 1 ms
2026-04-19 16:15:22.946 [https-jsse-nio-8443-exec-6] WARN  c.e.demo.Security.JwtAuthInterceptor - 權限不足: userId=2, username=admin, required=TRANSACTION_READ_ALL, path=/api/gold/transactions
2026-04-19 16:15:22.982 [https-jsse-nio-8443-exec-4] WARN  c.e.demo.Security.JwtAuthInterceptor - 權限不足: userId=2, username=admin, required=TRANSACTION_READ_ALL, path=/api/gold/transactions
2026-04-19 16:15:34.956 [https-jsse-nio-8443-exec-5] INFO  c.e.demo.Services.AccountService - 登入成功: username=admin, id=2, roles=[ADMIN]
2026-04-19 16:15:37.229 [https-jsse-nio-8443-exec-5] WARN  c.e.demo.Security.JwtAuthInterceptor - 權限不足: userId=2, username=admin, required=SHOP_VIEW, path=/api/shop
2026-04-19 16:15:37.229 [https-jsse-nio-8443-exec-4] WARN  c.e.demo.Security.JwtAuthInterceptor - 權限不足: userId=2, username=admin, required=GOLD_READ_OWN, path=/api/gold
2026-04-19 16:15:37.259 [https-jsse-nio-8443-exec-4] WARN  c.e.demo.Security.JwtAuthInterceptor - 權限不足: userId=2, username=admin, required=GOLD_READ_OWN, path=/api/gold
2026-04-19 16:15:37.259 [https-jsse-nio-8443-exec-5] WARN  c.e.demo.Security.JwtAuthInterceptor - 權限不足: userId=2, username=admin, required=SHOP_VIEW, path=/api/shop
2026-04-19 16:15:45.466 [https-jsse-nio-8443-exec-5] WARN  c.e.demo.Security.JwtAuthInterceptor - 權限不足: userId=2, username=admin, required=INVENTORY_READ_OWN, path=/api/inventory
2026-04-19 16:15:45.466 [https-jsse-nio-8443-exec-10] WARN  c.e.demo.Security.JwtAuthInterceptor - 權限不足: userId=2, username=admin, required=GOLD_READ_OWN, path=/api/gold
2026-04-19 16:15:45.501 [https-jsse-nio-8443-exec-10] WARN  c.e.demo.Security.JwtAuthInterceptor - 權限不足: userId=2, username=admin, required=INVENTORY_READ_OWN, path=/api/inventory
2026-04-19 16:15:45.501 [https-jsse-nio-8443-exec-5] WARN  c.e.demo.Security.JwtAuthInterceptor - 權限不足: userId=2, username=admin, required=GOLD_READ_OWN, path=/api/gold
2026-04-19 16:15:47.979 [https-jsse-nio-8443-exec-10] WARN  c.e.demo.Security.JwtAuthInterceptor - 權限不足: userId=2, username=admin, required=SHOP_VIEW, path=/api/shop
2026-04-19 16:15:47.981 [https-jsse-nio-8443-exec-5] WARN  c.e.demo.Security.JwtAuthInterceptor - 權限不足: userId=2, username=admin, required=GOLD_READ_OWN, path=/api/gold
2026-04-19 16:15:48.011 [https-jsse-nio-8443-exec-3] WARN  c.e.demo.Security.JwtAuthInterceptor - 權限不足: userId=2, username=admin, required=SHOP_VIEW, path=/api/shop
2026-04-19 16:15:48.013 [https-jsse-nio-8443-exec-5] WARN  c.e.demo.Security.JwtAuthInterceptor - 權限不足: userId=2, username=admin, required=GOLD_READ_OWN, path=/api/gold
2026-04-19 16:15:53.695 [https-jsse-nio-8443-exec-2] WARN  c.e.demo.Security.JwtAuthInterceptor - 權限不足: userId=2, username=admin, required=SHOP_VIEW, path=/api/shop
2026-04-19 16:15:53.699 [https-jsse-nio-8443-exec-5] WARN  c.e.demo.Security.JwtAuthInterceptor - 權限不足: userId=2, username=admin, required=GOLD_READ_OWN, path=/api/gold
2026-04-19 16:15:53.725 [https-jsse-nio-8443-exec-4] WARN  c.e.demo.Security.JwtAuthInterceptor - 權限不足: userId=2, username=admin, required=SHOP_VIEW, path=/api/shop
2026-04-19 16:15:53.729 [https-jsse-nio-8443-exec-5] WARN  c.e.demo.Security.JwtAuthInterceptor - 權限不足: userId=2, username=admin, required=GOLD_READ_OWN, path=/api/gold
2026-04-19 16:15:59.995 [https-jsse-nio-8443-exec-2] WARN  c.e.demo.Security.JwtAuthInterceptor - 權限不足: userId=2, username=admin, required=TRANSACTION_READ_ALL, path=/api/gold/transactions
2026-04-19 16:16:00.025 [https-jsse-nio-8443-exec-3] WARN  c.e.demo.Security.JwtAuthInterceptor - 權限不足: userId=2, username=admin, required=TRANSACTION_READ_ALL, path=/api/gold/transactions
2026-04-19 16:18:48.204 [https-jsse-nio-8443-exec-7] WARN  c.e.demo.Security.JwtAuthInterceptor - 權限不足: userId=2, username=admin, required=TRANSACTION_READ_ALL, path=/api/gold/transactions
2026-04-19 16:18:49.931 [https-jsse-nio-8443-exec-5] WARN  c.e.demo.Security.JwtAuthInterceptor - 權限不足: userId=2, username=admin, required=TRANSACTION_READ_ALL, path=/api/gold/transactions
2026-04-19 16:18:56.727 [https-jsse-nio-8443-exec-7] WARN  c.e.demo.Security.JwtAuthInterceptor - 權限不足: userId=2, username=admin, required=TRANSACTION_READ_ALL, path=/api/gold/transactions
2026-04-19 16:25:00.925 [SpringApplicationShutdownHook] INFO  o.s.boot.tomcat.GracefulShutdown - Commencing graceful shutdown. Waiting for active requests to complete
2026-04-19 16:25:00.930 [tomcat-shutdown] INFO  o.s.boot.tomcat.GracefulShutdown - Graceful shutdown complete
2026-04-19 16:25:00.933 [SpringApplicationShutdownHook] INFO  o.s.o.j.LocalContainerEntityManagerFactoryBean - Closing JPA EntityManagerFactory for persistence unit 'default'
2026-04-19 16:25:00.935 [SpringApplicationShutdownHook] INFO  com.zaxxer.hikari.HikariDataSource - HikariPool-1 - Shutdown initiated...
2026-04-19 16:25:00.951 [SpringApplicationShutdownHook] INFO  com.zaxxer.hikari.HikariDataSource - HikariPool-1 - Shutdown completed.
2026-04-19 16:25:42.020 [main] INFO  com.example.demo.DemoApplication - Starting DemoApplication using Java 21.0.10 with PID 51560 (C:\Users\aaa\Desktop\工作\專案\javaTest\textcombat-api\target\classes started by aaa in C:\Users\aaa\Desktop\工作\專案\javaTest\textcombat-api)
2026-04-19 16:25:42.022 [main] INFO  com.example.demo.DemoApplication - No active profile set, falling back to 1 default profile: "default"
2026-04-19 16:25:42.389 [main] INFO  o.s.d.r.c.RepositoryConfigurationDelegate - Bootstrapping Spring Data JPA repositories in DEFAULT mode.
2026-04-19 16:25:42.438 [main] INFO  o.s.d.r.c.RepositoryConfigurationDelegate - Finished Spring Data repository scanning in 42 ms. Found 7 JPA repository interfaces.
2026-04-19 16:25:42.810 [main] INFO  o.s.boot.tomcat.TomcatWebServer - Tomcat initialized with port 8443 (https)
2026-04-19 16:25:42.822 [main] INFO  o.a.catalina.core.StandardService - Starting service [Tomcat]
2026-04-19 16:25:42.822 [main] INFO  o.a.catalina.core.StandardEngine - Starting Servlet engine: [Apache Tomcat/11.0.20]
2026-04-19 16:25:42.856 [main] INFO  o.s.b.w.c.s.WebApplicationContextInitializer - Root WebApplicationContext: initialization completed in 803 ms
2026-04-19 16:25:42.970 [main] INFO  org.hibernate.orm.jpa - HHH008540: Processing PersistenceUnitInfo [name: default]
2026-04-19 16:25:43.003 [main] INFO  org.hibernate.orm.core - HHH000001: Hibernate ORM core version 7.2.7.Final
2026-04-19 16:25:43.276 [main] INFO  o.s.o.j.p.SpringPersistenceUnitInfo - No LoadTimeWeaver setup: ignoring JPA class transformer
2026-04-19 16:25:43.297 [main] INFO  com.zaxxer.hikari.HikariDataSource - HikariPool-1 - Starting...
2026-04-19 16:25:43.470 [main] INFO  com.zaxxer.hikari.pool.HikariPool - HikariPool-1 - Added connection org.postgresql.jdbc.PgConnection@54286339
2026-04-19 16:25:43.471 [main] INFO  com.zaxxer.hikari.HikariDataSource - HikariPool-1 - Start completed.
2026-04-19 16:25:43.518 [main] INFO  o.hibernate.orm.connections.pooling - HHH10001005: Database info:
	Database JDBC URL [jdbc:postgresql://192.168.6.129:5432/textcombatdb]
	Database driver: PostgreSQL JDBC Driver
	Database dialect: PostgreSQLDialect
	Database version: 16.13
	Default catalog/schema: textcombatdb/public
	Autocommit mode: undefined/unknown
	Isolation level: READ_COMMITTED [default READ_COMMITTED]
	JDBC fetch size: none
	Pool: DataSourceConnectionProvider
	Minimum pool size: undefined/unknown
	Maximum pool size: undefined/unknown
2026-04-19 16:25:44.264 [main] INFO  org.hibernate.orm.core - HHH000489: No JTA platform available (set 'hibernate.transaction.jta.platform' to enable JTA platform integration)
2026-04-19 16:25:44.297 [main] INFO  o.s.o.j.LocalContainerEntityManagerFactoryBean - Initialized JPA EntityManagerFactory for persistence unit 'default'
2026-04-19 16:25:44.350 [main] INFO  o.s.d.j.r.q.QueryEnhancerFactories - Hibernate is in classpath; If applicable, HQL parser will be used.
2026-04-19 16:25:44.557 [main] WARN  o.s.b.j.a.JpaBaseConfiguration$JpaWebConfiguration - spring.jpa.open-in-view is enabled by default. Therefore, database queries may be performed during view rendering. Explicitly configure spring.jpa.open-in-view to disable this warning
2026-04-19 16:25:44.845 [main] INFO  o.a.t.u.net.NioEndpoint.certificate - Connector [https-jsse-nio-8443], TLS virtual host [_default_], certificate type [UNDEFINED] configured from keystore [Set directly - location unknown] using alias [textcombat] with trust store [null]
2026-04-19 16:25:44.862 [main] INFO  o.s.boot.tomcat.TomcatWebServer - Tomcat started on port 8443 (https) with context path '/'
2026-04-19 16:25:44.866 [main] INFO  com.example.demo.DemoApplication - Started DemoApplication in 3.128 seconds (process running for 3.361)
2026-04-19 16:25:57.563 [https-jsse-nio-8443-exec-2] INFO  o.a.c.c.C.[Tomcat].[localhost].[/] - Initializing Spring DispatcherServlet 'dispatcherServlet'
2026-04-19 16:25:57.564 [https-jsse-nio-8443-exec-2] INFO  o.s.web.servlet.DispatcherServlet - Initializing Servlet 'dispatcherServlet'
2026-04-19 16:25:57.565 [https-jsse-nio-8443-exec-2] INFO  o.s.web.servlet.DispatcherServlet - Completed initialization in 1 ms
2026-04-19 16:25:58.229 [https-jsse-nio-8443-exec-2] INFO  c.e.demo.Services.AccountService - 登入成功: username=admin, id=2, roles=[ADMIN]
2026-04-19 16:26:18.584 [https-jsse-nio-8443-exec-2] WARN  c.e.demo.Security.JwtAuthInterceptor - 權限不足: userId=2, username=admin, required=TRANSACTION_READ_ALL, path=/api/gold/transactions
2026-04-19 16:26:18.616 [https-jsse-nio-8443-exec-1] WARN  c.e.demo.Security.JwtAuthInterceptor - 權限不足: userId=2, username=admin, required=TRANSACTION_READ_ALL, path=/api/gold/transactions
2026-04-19 16:27:30.562 [https-jsse-nio-8443-exec-4] WARN  c.e.demo.Security.JwtAuthInterceptor - 權限不足: userId=2, username=admin, required=TRANSACTION_READ_ALL, path=/api/gold/transactions
2026-04-19 16:27:30.591 [https-jsse-nio-8443-exec-7] WARN  c.e.demo.Security.JwtAuthInterceptor - 權限不足: userId=2, username=admin, required=TRANSACTION_READ_ALL, path=/api/gold/transactions
2026-04-19 16:34:21.849 [SpringApplicationShutdownHook] INFO  o.s.boot.tomcat.GracefulShutdown - Commencing graceful shutdown. Waiting for active requests to complete
2026-04-19 16:34:21.854 [tomcat-shutdown] INFO  o.s.boot.tomcat.GracefulShutdown - Graceful shutdown complete
2026-04-19 16:34:21.865 [SpringApplicationShutdownHook] INFO  o.s.o.j.LocalContainerEntityManagerFactoryBean - Closing JPA EntityManagerFactory for persistence unit 'default'
2026-04-19 16:34:21.868 [SpringApplicationShutdownHook] INFO  com.zaxxer.hikari.HikariDataSource - HikariPool-1 - Shutdown initiated...
2026-04-19 16:34:21.879 [SpringApplicationShutdownHook] INFO  com.zaxxer.hikari.HikariDataSource - HikariPool-1 - Shutdown completed.
2026-04-19 16:34:28.479 [main] INFO  com.example.demo.DemoApplication - Starting DemoApplication using Java 21.0.10 with PID 21164 (C:\Users\aaa\Desktop\工作\專案\javaTest\textcombat-api\target\classes started by aaa in C:\Users\aaa\Desktop\工作\專案\javaTest\textcombat-api)
2026-04-19 16:34:28.481 [main] INFO  com.example.demo.DemoApplication - No active profile set, falling back to 1 default profile: "default"
2026-04-19 16:34:28.846 [main] INFO  o.s.d.r.c.RepositoryConfigurationDelegate - Bootstrapping Spring Data JPA repositories in DEFAULT mode.
2026-04-19 16:34:28.896 [main] INFO  o.s.d.r.c.RepositoryConfigurationDelegate - Finished Spring Data repository scanning in 42 ms. Found 7 JPA repository interfaces.
2026-04-19 16:34:29.270 [main] INFO  o.s.boot.tomcat.TomcatWebServer - Tomcat initialized with port 8443 (https)
2026-04-19 16:34:29.282 [main] INFO  o.a.catalina.core.StandardService - Starting service [Tomcat]
2026-04-19 16:34:29.282 [main] INFO  o.a.catalina.core.StandardEngine - Starting Servlet engine: [Apache Tomcat/11.0.20]
2026-04-19 16:34:29.317 [main] INFO  o.s.b.w.c.s.WebApplicationContextInitializer - Root WebApplicationContext: initialization completed in 806 ms
2026-04-19 16:34:29.426 [main] INFO  org.hibernate.orm.jpa - HHH008540: Processing PersistenceUnitInfo [name: default]
2026-04-19 16:34:29.459 [main] INFO  org.hibernate.orm.core - HHH000001: Hibernate ORM core version 7.2.7.Final
2026-04-19 16:34:29.722 [main] INFO  o.s.o.j.p.SpringPersistenceUnitInfo - No LoadTimeWeaver setup: ignoring JPA class transformer
2026-04-19 16:34:29.744 [main] INFO  com.zaxxer.hikari.HikariDataSource - HikariPool-1 - Starting...
2026-04-19 16:34:29.913 [main] INFO  com.zaxxer.hikari.pool.HikariPool - HikariPool-1 - Added connection org.postgresql.jdbc.PgConnection@144440f5
2026-04-19 16:34:29.914 [main] INFO  com.zaxxer.hikari.HikariDataSource - HikariPool-1 - Start completed.
2026-04-19 16:34:29.959 [main] INFO  o.hibernate.orm.connections.pooling - HHH10001005: Database info:
	Database JDBC URL [jdbc:postgresql://192.168.6.129:5432/textcombatdb]
	Database driver: PostgreSQL JDBC Driver
	Database dialect: PostgreSQLDialect
	Database version: 16.13
	Default catalog/schema: textcombatdb/public
	Autocommit mode: undefined/unknown
	Isolation level: READ_COMMITTED [default READ_COMMITTED]
	JDBC fetch size: none
	Pool: DataSourceConnectionProvider
	Minimum pool size: undefined/unknown
	Maximum pool size: undefined/unknown
2026-04-19 16:34:30.699 [main] INFO  org.hibernate.orm.core - HHH000489: No JTA platform available (set 'hibernate.transaction.jta.platform' to enable JTA platform integration)
2026-04-19 16:34:30.739 [main] INFO  o.s.o.j.LocalContainerEntityManagerFactoryBean - Initialized JPA EntityManagerFactory for persistence unit 'default'
2026-04-19 16:34:30.790 [main] INFO  o.s.d.j.r.q.QueryEnhancerFactories - Hibernate is in classpath; If applicable, HQL parser will be used.
2026-04-19 16:34:31.006 [main] WARN  o.s.b.j.a.JpaBaseConfiguration$JpaWebConfiguration - spring.jpa.open-in-view is enabled by default. Therefore, database queries may be performed during view rendering. Explicitly configure spring.jpa.open-in-view to disable this warning
2026-04-19 16:34:31.287 [main] INFO  o.a.t.u.net.NioEndpoint.certificate - Connector [https-jsse-nio-8443], TLS virtual host [_default_], certificate type [UNDEFINED] configured from keystore [Set directly - location unknown] using alias [textcombat] with trust store [null]
2026-04-19 16:34:31.298 [main] INFO  o.s.boot.tomcat.TomcatWebServer - Tomcat started on port 8443 (https) with context path '/'
2026-04-19 16:34:31.301 [main] INFO  com.example.demo.DemoApplication - Started DemoApplication in 3.107 seconds (process running for 3.357)
2026-04-19 16:34:41.573 [https-jsse-nio-8443-exec-8] INFO  o.a.c.c.C.[Tomcat].[localhost].[/] - Initializing Spring DispatcherServlet 'dispatcherServlet'
2026-04-19 16:34:41.573 [https-jsse-nio-8443-exec-8] INFO  o.s.web.servlet.DispatcherServlet - Initializing Servlet 'dispatcherServlet'
2026-04-19 16:34:41.575 [https-jsse-nio-8443-exec-8] INFO  o.s.web.servlet.DispatcherServlet - Completed initialization in 2 ms
2026-04-19 19:03:20.745 [https-jsse-nio-8443-exec-9] INFO  c.e.demo.Services.AccountService - 登入成功: username=player01, id=1, roles=[PLAYER]
2026-04-19 19:14:05.946 [SpringApplicationShutdownHook] INFO  o.s.boot.tomcat.GracefulShutdown - Commencing graceful shutdown. Waiting for active requests to complete
2026-04-19 19:14:05.950 [tomcat-shutdown] INFO  o.s.boot.tomcat.GracefulShutdown - Graceful shutdown complete
2026-04-19 19:14:05.954 [SpringApplicationShutdownHook] INFO  o.s.o.j.LocalContainerEntityManagerFactoryBean - Closing JPA EntityManagerFactory for persistence unit 'default'
2026-04-19 19:14:05.955 [SpringApplicationShutdownHook] INFO  com.zaxxer.hikari.HikariDataSource - HikariPool-1 - Shutdown initiated...
2026-04-19 19:14:05.977 [SpringApplicationShutdownHook] INFO  com.zaxxer.hikari.HikariDataSource - HikariPool-1 - Shutdown completed.
